
> @sovereign/sportolok@1.0.0 fair-use:one-pass
> npx tsx scripts/fair-use-discovery/one-pass.ts

🚀 Sportolok Fair-Use Discovery - One Pass
   Mode: LIVE

📋 Loaded 30 sources
   Inter-source delay: 45s
   Pass cooldown: 300s

✅ 28 sources ready (0 on cooldown)

[1/28] NSÜ létesítmény katalógus (összes típus)
🏟️  NSÜ full catalog: NSÜ létesítmény katalógus (összes típus)
   ✓ API returned 92 facilities
   ✓ Mapped 92 candidates (all NSÜ venue types)

⏸️  Sleeping 45s between sources...
[2/28] NSÜ Sportlétesítmények kategória
🔍 Processing source: NSÜ Sportlétesítmények kategória (nsu-cat-sportletesitmenyek)
   ✓ Fetched 194030 bytes
   ✓ Extracted 19 candidate(s)

⏸️  Sleeping 45s between sources...
[3/28] NSÜ Olimpiai központok
🔍 Processing source: NSÜ Olimpiai központok (nsu-cat-olimpiai-kozpontok)
   ✓ Fetched 142411 bytes
   ✓ Extracted 6 candidate(s)

⏸️  Sleeping 45s between sources...
[4/28] NSÜ Tanuszodák
🔍 Processing source: NSÜ Tanuszodák (nsu-cat-tanuszodak)
   ✓ Fetched 290585 bytes
   ✓ Extracted 42 candidate(s)

⏸️  Sleeping 45s between sources...
[5/28] NSÜ Uszodák
🔍 Processing source: NSÜ Uszodák (nsu-cat-uszodak)
   ✓ Fetched 173189 bytes
   ✓ Extracted 13 candidate(s)

⏸️  Sleeping 45s between sources...
[6/28] Magyar Uszodák - Budapest
🔍 Processing source: Magyar Uszodák - Budapest (magyaruszodak-budapest)
   ✓ Fetched 255874 bytes
   ✓ Extracted 25 candidate(s)

⏸️  Sleeping 45s between sources...
[7/28] Újpest Önkormányzat — sportlétesítmények
🔍 Processing source: Újpest Önkormányzat — sportlétesítmények (onkormanyzat-ujpest-sport)
   ✓ Fetched 205035 bytes
   ✓ Extracted 23 candidate(s)

⏸️  Sleeping 45s between sources...
[8/28] Budapest XIII. — sport színterek
🔍 Processing source: Budapest XIII. — sport színterek (onkormanyzat-bp13-sport)
   ✓ Fetched 119979 bytes
   ✓ Extracted 7 candidate(s)

⏸️  Sleeping 45s between sources...
[9/28] Sport13 (BP XIII) — telephelyeink
🔍 Processing source: Sport13 (BP XIII) — telephelyeink (onkormanyzat-sport13-telephelyek)
   ✓ Fetched 274390 bytes
   ✓ Extracted 8 candidate(s)

⏸️  Sleeping 45s between sources...
[10/28] Hegyvidéki Sportközpont és Tanuszoda
🔍 Processing source: Hegyvidéki Sportközpont és Tanuszoda (onkormanyzat-hegyvidek-sport)
   ✓ Fetched 73873 bytes
   ✓ Extracted 5 candidate(s)

⏸️  Sleeping 45s between sources...
[11/28] Óbudai Sport — létesítményeink
🔍 Processing source: Óbudai Sport — létesítményeink (onkormanyzat-obuda-letesitmenyek)
   ✓ Fetched 35771 bytes
   ✓ Extracted 6 candidate(s)

⏸️  Sleeping 45s between sources...
[12/28] Miskolc MJV — sportlétesítmények
🔍 Processing source: Miskolc MJV — sportlétesítmények (onkormanyzat-miskolc-sport)
   ✓ Fetched 363417 bytes
   ✓ Extracted 9 candidate(s)

⏸️  Sleeping 45s between sources...
[13/28] Győr MJV — sport létesítmények
🔍 Processing source: Győr MJV — sport létesítmények (onkormanyzat-gyor-letesitmenyek)
   ✓ Fetched 226666 bytes
   ✓ Extracted 1 candidate(s)

⏸️  Sleeping 45s between sources...
[14/28] Debrecen — sportcsarnokok / aktív létesítmények
🔍 Processing source: Debrecen — sportcsarnokok / aktív létesítmények (onkormanyzat-debrecen-sportcsarnokok)
   ✗ Error processing onkormanyzat-debrecen-sportcsarnokok: HTTP 403: Forbidden

⏸️  Sleeping 45s between sources...
[15/28] Józsefváros Önkormányzat — uszodák
🔍 Processing source: Józsefváros Önkormányzat — uszodák (onkormanyzat-jozsefvaros-uszodak)
   ✓ Fetched 667570 bytes
   ✓ Extracted 2 candidate(s)

⏸️  Sleeping 45s between sources...
[16/28] Budapest XIII. — általános iskolák
🔍 Processing source: Budapest XIII. — általános iskolák (schools-bp13-altalanos)
   ✓ Fetched 146381 bytes
   ✓ Extracted 8 candidate(s)

⏸️  Sleeping 45s between sources...
[17/28] Budapest XIII. — középiskolák
🔍 Processing source: Budapest XIII. — középiskolák (schools-bp13-kozep)
   ✓ Fetched 144126 bytes
   ✓ Extracted 8 candidate(s)

⏸️  Sleeping 45s between sources...
[18/28] Hegyvidék Önkormányzat — iskolák
🔍 Processing source: Hegyvidék Önkormányzat — iskolák (schools-hegyvidek)
   ✓ Fetched 40734 bytes
   ✓ Extracted 4 candidate(s)

⏸️  Sleeping 45s between sources...
[19/28] Budapest XVI. — általános iskolák
🔍 Processing source: Budapest XVI. — általános iskolák (schools-bp16-altalanos)
   ✓ Fetched 99098 bytes
   ✓ Extracted 12 candidate(s)

⏸️  Sleeping 45s between sources...
[20/28] Budapest XVI. — középiskolák
🔍 Processing source: Budapest XVI. — középiskolák (schools-bp16-kozep)
   ✓ Fetched 86123 bytes
   ✓ Extracted 2 candidate(s)

⏸️  Sleeping 45s between sources...
[21/28] Budafok-Tétény (XXII.) — oktatási intézmények
🔍 Processing source: Budafok-Tétény (XXII.) — oktatási intézmények (schools-bp22-budafok)
   ✗ Error processing schools-bp22-budafok: fetch failed

⏸️  Sleeping 45s between sources...
[22/28] Pesterzsébet (XX.) — iskolák
🔍 Processing source: Pesterzsébet (XX.) — iskolák (schools-pesterzsebet)
   ✓ Fetched 97638 bytes
   ✓ Extracted 16 candidate(s)

⏸️  Sleeping 45s between sources...
[23/28] Győr MJV — iskolák
🔍 Processing source: Győr MJV — iskolák (schools-gyor)
   ✓ Fetched 237839 bytes
   ✓ Extracted 21 candidate(s)

⏸️  Sleeping 45s between sources...
[24/28] Székesfehérvár — tankerületi általános iskolák
🔍 Processing source: Székesfehérvár — tankerületi általános iskolák (schools-szekesfehervar)
   ✓ Fetched 49913 bytes
   ✓ Extracted 11 candidate(s)

⏸️  Sleeping 45s between sources...
[25/28] Veszprém — általános iskolák
🔍 Processing source: Veszprém — általános iskolák (schools-veszprem-altalanos)
   ✓ Fetched 62411 bytes
   ✓ Extracted 11 candidate(s)

⏸️  Sleeping 45s between sources...
[26/28] Veszprém — középiskolák, kollégiumok
🔍 Processing source: Veszprém — középiskolák, kollégiumok (schools-veszprem-kozep)
   ✓ Fetched 62450 bytes
   ✓ Extracted 11 candidate(s)

⏸️  Sleeping 45s between sources...
[27/28] Kecskemét — általános iskolák
🔍 Processing source: Kecskemét — általános iskolák (schools-kecskemet-altalanos)
   ✓ Fetched 650139 bytes
   ✓ Extracted 29 candidate(s)

⏸️  Sleeping 45s between sources...
[28/28] Kecskemét — középiskolák, kollégiumok
🔍 Processing source: Kecskemét — középiskolák, kollégiumok (schools-kecskemet-kozep)
   ✓ Fetched 530917 bytes
   ✓ Extracted 17 candidate(s)

💾 Saved state and 408 candidate(s) to find-seeds

📊 Pass Summary:
   Sources processed: 28
   New candidates: 408
   Pending seeds: 359

⏰ Next pass cooldown: 300s
